.\gradlew.bat : WARNING: A restricted method in 
java.lang.System has been called
Au caractère Ligne:1 : 1
+ .\gradlew.bat SenpaiStreamProvider:make 2>&1 > 
build_output.txt; Get- ...
+ ~~~~~~~~~~~~~~~~~~~~~~~~~~~~~~~~~~~~~~~~~~~~~~~~
~~~~~~~~~~~~~~~
    + CategoryInfo          : NotSpecified: (WARN 
   ING: A rest...has been called:String) [], Rem  
  oteException
    + FullyQualifiedErrorId : NativeCommandError
 
WARNING: java.lang.System::load has been called 
by net.rubygrapefruit.platform.internal.NativeLibr
aryLoader in an unnamed module (file:/C:/Users/joh
n/.gradle/wrapper/dists/gradle-8.12-bin/cetblhg4pf
lnnks72fxwobvgv/gradle-8.12/lib/native-platform-0.
22-milestone-27.jar)
WARNING: Use --enable-native-access=ALL-UNNAMED 
to avoid a warning for callers in this module
WARNING: Restricted methods will be blocked in a 
future release unless native access is enabled


FAILURE: Build failed with an exception.

* What went wrong:
25.0.2

* Try:
> Run with --stacktrace option to get the stack 
trace.
> Run with --info or --debug option to get more 
log output.
> Run with --scan to get full insights.
> Get more help at https://help.gradle.org.

BUILD FAILED in 569ms
